[devbootcamp.com/jobs/community-marketing-manager/index.html]
[backblue.gif]
[fade.gif]
[index.html]
[devbootcamp.com/assets/css/foundation.css]
[devbootcamp.com/favicon.ico]
[devbootcamp.com/assets/css/app040f.css]
[d37gvrvc0wt4s1.cloudfront.net/js/v1.2/rollbar.min.js]
[devbootcamp.com/assets/css/normalize-3.0.2.css]
[devbootcamp.com/assets/css/responsive.gs.12col.css]
[devbootcamp.com/assets/css/nuclide040f.css]
[devbootcamp.com/assets/css/font-awesome.css]
[devbootcamp.com/assets/js/vendor/modernizr.js]
[devbootcamp.com/assets/js/foundation.reveal.js]
[cdn.optimizely.com/js/3326751081.js]
[devbootcamp.com/assets/js/foundation.abide.js]
[devbootcamp.com/assets/js/app040f.js]
[devbootcamp.com/assets/img/devbootcamp-logo-new.png]
[devbootcamp.com/assets/images/background--steve-pitches.jpg]
[devbootcamp.com/assets/js/vendor/nuclide.js]
[devbootcamp.com/assets/js/main27f2.js]
[devbootcamp.com/assets/js/vendor/jquery-1.11.2.min.js]
[devbootcamp.com/jobs/community-marketing-manager/index.html]
[devbootcamp.com/assets/js/vendor/le-mtagconfig-prod.js]
[fonts.googleapis.com/cssf4c7.css]
[devbootcamp.com/assets/css/foundation.css]
[devbootcamp.com/assets/js/foundation.min.js]
[devbootcamp.com/assets/image/background--people-pairing.jpg]
[devbootcamp.com/assets/js/vendor/modernizr.js]
[devbootcamp.com/assets/images/lecture.jpg]
[devbootcamp.com/assets/images/background--people-pairing.jpg]
[devbootcamp.com/assets/js/vendor/jquery-1.11.2.min.js]
[devbootcamp.com/assets/images/presentation.jpg]
[devbootcamp.com/assets/images/background--logo-door.jpg]
[devbootcamp.com/assets/images/background--whiteboard-wireframes.jpg]
[devbootcamp.com/assets/images/background--building.jpg]
[devbootcamp.com/assets/images/background--full-lecture.jpg]
[devbootcamp.com/assets/images/signup-loader.gif]
[devbootcamp.com/assets/css/app040f.css]
[devbootcamp.com/assets/css/normalize-3.0.2.css]
[devbootcamp.com/assets/js/foundation.reveal.js]
[devbootcamp.com/assets/css/responsive.gs.12col.css]
[devbootcamp.com/assets/js/foundation.abide.js]
[devbootcamp.com/assets/fonts/fontawesome-webfonte0a5.svg]
[devbootcamp.com/assets/img/hero/01-home-hero-slide.jpg]
[devbootcamp.com/assets/js/app040f.js]
[devbootcamp.com/assets/img/hero/01-home-hero-slide2x.jpg]
[devbootcamp.com/assets/js/foundation.min.js]
[devbootcamp.com/assets/img/hero/sf-location-hero.jpg]
[devbootcamp.com/assets/img/devbootcamp-logo-new.png]
[devbootcamp.com/assets/img/hero/sf-location-hero2x.jpg]
[devbootcamp.com/assets/img/hero/washingtondc-location-hero.jpg]
[devbootcamp.com/assets/img/hero/seattle-location-hero.jpg]
[devbootcamp.com/assets/img/hero/austin-location-hero.jpg]
[devbootcamp.com/assets/images/background--steve-pitches.jpg]
[devbootcamp.com/assets/img/hero/chi-location-hero.jpg]
[devbootcamp.com/assets/img/hero/chi-location-hero2x.jpg]
[devbootcamp.com/assets/img/hero/nyc-location-hero.jpg]
[devbootcamp.com/assets/img/hero/nyc-location-hero2x.jpg]
[devbootcamp.com/assets/img/hero/sd-location-hero.jpg]
[devbootcamp.com/assets/img/hero/sd-location-hero2x.jpg]
[devbootcamp.com/assets/img/hero/events-hero.jpg]
[devbootcamp.com/assets/img/hero/events-hero2x.jpg]
[devbootcamp.com/assets/img/hero/press-hero.jpg]
[devbootcamp.com/assets/img/hero/press-hero2x.jpg]
[devbootcamp.com/assets/img/hero/diversity-hero.jpg]
[devbootcamp.com/assets/img/hero/diversity-hero2x.jpg]
[devbootcamp.com/assets/img/hero/tuition-hero.jpg]
[devbootcamp.com/assets/img/hero/tuition-hero2x.jpg]
[devbootcamp.com/assets/img/hero/careers-hero.jpg]
[devbootcamp.com/assets/img/hero/careers-hero2x.jpg]
[devbootcamp.com/assets/img/hero/apply-hero.jpg]
[devbootcamp.com/assets/img/hero/apply-hero2x.jpg]
[devbootcamp.com/assets/img/hero/schedule-hero.jpg]
[devbootcamp.com/assets/img/hero/schedule-hero2x.jpg]
[devbootcamp.com/assets/img/hero/05-home-hero-slide.jpg]
[devbootcamp.com/assets/img/hero/05-home-hero-slide2x.jpg]
[devbootcamp.com/assets/img/hero/CEE-hero-opt.jpg]
[devbootcamp.com/assets/img/hero/CEE-hero2x-opt.jpg]
[devbootcamp.com/assets/img/utils/bg-black-transparent.png]
[devbootcamp.com/assets/img/utils/bg-yellow-transparent.png]
[devbootcamp.com/assets/css/nuclide040f.css]
[devbootcamp.com/assets/img/utils/bg-blue-transparent.png]
[devbootcamp.com/assets/js/vendor/nuclide.js]
[devbootcamp.com/assets/css/font-awesome.css]
[devbootcamp.com/assets/js/main27f2.js]
[www.googletagmanager.com/gtm5445.html]
[devbootcamp.com/assets/images/lecture.jpg]
[devbootcamp.com/assets/image/background--people-pairing.html]
[devbootcamp.com/assets/img/hero/01-home-hero-slide.jpg]
[devbootcamp.com/assets/fonts/fontawesome-webfonte0a5.svg]
[devbootcamp.com/assets/img/utils/bg-black-transparent.png]
[devbootcamp.com/assets/img/utils/bg-yellow-transparent.png]
[devbootcamp.com/assets/img/utils/bg-blue-transparent.png]
